// Vitest Snapshot v1, https://vitest.dev/guide/snapshot.html

exports[`HomeView > should render properly 1`] = `
<div
  data-v-app=""
>
  
  <header
    class="header"
    data-v-51353816=""
    data-v-81cf18a8=""
  >
    <div
      class="container"
      data-v-51353816=""
    >
      <h1
        data-v-51353816=""
      >
        BestBuy
      </h1>
      <nav
        data-v-51353816=""
      >
        <router-link
          data-v-51353816=""
          to="/"
        >
          Home
        </router-link>
        <router-link
          data-v-51353816=""
          to="/shop"
        >
          Shop
        </router-link>
        <router-link
          data-v-51353816=""
          to="/about"
        >
          About us
        </router-link>
      </nav>
    </div>
  </header>
  <main
    data-v-81cf18a8=""
  >
    
    <section
      class="home container"
      data-v-b4e148ca=""
    >
      <img
        alt="Everything you need"
        class="home__banner"
        data-v-b4e148ca=""
        loading="lazy"
        src="/src/assets/home-banner.png"
      />
      <nav
        class="home__categories"
        data-v-b4e148ca=""
      >
        
        <routerlink
          class="home__category"
          data-v-b4e148ca=""
          to="/shop"
        >
          <h3
            data-v-b4e148ca=""
          >
            Clothes
          </h3>
          <span
            data-v-b4e148ca=""
          >
            The best clothes you can find on the internet
          </span>
        </routerlink>
        <routerlink
          class="home__category"
          data-v-b4e148ca=""
          to="/shop"
        >
          <h3
            data-v-b4e148ca=""
          >
            Electronics
          </h3>
          <span
            data-v-b4e148ca=""
          >
            Exclusive prices on all kind of electronics
          </span>
        </routerlink>
        <routerlink
          class="home__category"
          data-v-b4e148ca=""
          to="/shop"
        >
          <h3
            data-v-b4e148ca=""
          >
            Automotive
          </h3>
          <span
            data-v-b4e148ca=""
          >
            Everything you need for your car at a great price
          </span>
        </routerlink>
        <routerlink
          class="home__category"
          data-v-b4e148ca=""
          to="/shop"
        >
          <h3
            data-v-b4e148ca=""
          >
            Personal care
          </h3>
          <span
            data-v-b4e148ca=""
          >
            Take care of yourself and on people you love
          </span>
        </routerlink>
        
      </nav>
    </section>
    
  </main>
  
</div>
`;
