// Vitest Snapshot v1, https://vitest.dev/guide/snapshot.html

exports[`DefaultLayout > should render properly 1`] = `
<div
  data-v-app=""
>
  
  <header
    class="header"
    data-v-51353816=""
    data-v-81cf18a8=""
  >
    <div
      class="container"
      data-v-51353816=""
    >
      <h1
        data-v-51353816=""
      >
        BestBuy
      </h1>
      <nav
        data-v-51353816=""
      >
        <router-link
          data-v-51353816=""
          to="/"
        >
          Home
        </router-link>
        <router-link
          data-v-51353816=""
          to="/shop"
        >
          Shop
        </router-link>
        <router-link
          data-v-51353816=""
          to="/about"
        >
          About us
        </router-link>
      </nav>
    </div>
  </header>
  <main
    data-v-81cf18a8=""
  >
    
    <p>
      Test content
    </p>
    
  </main>
  
</div>
`;
